--------------------------------------------------------------------------------
Release 14.7 Trace  (lin64)
Copyright (c) 1995-2013 Xilinx, Inc.  All rights reserved.

/opt/Xilinx/14.7/ISE_DS/ISE/bin/lin64/unwrapped/trce -intstyle ise -v 3 -s 3 -n
3 -fastpaths -xml Control_block.twx Control_block.ncd -o Control_block.twr
Control_block.pcf -ucf test.ucf

Design file:              Control_block.ncd
Physical constraint file: Control_block.pcf
Device,package,speed:     xc6slx9,tqg144,C,-3 (PRODUCTION 1.23 2016-11-22)
Report level:             verbose report

Environment Variable      Effect 
--------------------      ------ 
NONE                      No environment variables were set
--------------------------------------------------------------------------------

INFO:Timing:2698 - No timing constraints found, doing default enumeration.
INFO:Timing:3412 - To improve timing, see the Timing Closure User Guide (UG612).
INFO:Timing:2752 - To get complete path coverage, use the unconstrained paths 
   option. All paths that are not constrained will be reported in the 
   unconstrained paths section(s) of the report.
INFO:Timing:3339 - The clock-to-out numbers in this timing report are based on 
   a 50 Ohm transmission line loading model.  For the details of this model, 
   and for more information on accounting for different loading conditions, 
   please see the device datasheet.



Data Sheet report:
-----------------
All values displayed in nanoseconds (ns)

Clock HALL<0> to Pad
------------+-----------------+------------+-----------------+------------+------------------------------+--------+
            |Max (slowest) clk|  Process   |Min (fastest) clk|  Process   |                              | Clock  |
Destination |  (edge) to PAD  |   Corner   |  (edge) to PAD  |   Corner   |Internal Clock(s)             | Phase  |
------------+-----------------+------------+-----------------+------------+------------------------------+--------+
angle_A<10> |         9.683(F)|      SLOW  |         5.448(F)|      FAST  |XLXI_7/angle_adjust_A_0_G_BUFG|   0.000|
angle_A<11> |         9.683(F)|      SLOW  |         5.448(F)|      FAST  |XLXI_7/angle_adjust_A_0_G_BUFG|   0.000|
angle_A<12> |         9.683(F)|      SLOW  |         5.448(F)|      FAST  |XLXI_7/angle_adjust_A_0_G_BUFG|   0.000|
angle_A<13> |        12.593(F)|      SLOW  |         7.221(F)|      FAST  |XLXI_7/angle_adjust_A_0_G_BUFG|   0.000|
angle_A<14> |        13.982(F)|      SLOW  |         6.855(F)|      FAST  |XLXI_7/angle_adjust_A_0_G_BUFG|   0.000|
angle_A<15> |        14.259(F)|      SLOW  |         6.913(F)|      FAST  |XLXI_7/angle_adjust_A_0_G_BUFG|   0.000|
angle_A<16> |        14.572(F)|      SLOW  |         7.098(F)|      FAST  |XLXI_7/angle_adjust_A_0_G_BUFG|   0.000|
angle_A<17> |        15.409(F)|      SLOW  |         7.590(F)|      FAST  |XLXI_7/angle_adjust_A_0_G_BUFG|   0.000|
angle_A<18> |        15.461(F)|      SLOW  |         7.647(F)|      FAST  |XLXI_7/angle_adjust_A_0_G_BUFG|   0.000|
angle_A<19> |        16.185(F)|      SLOW  |         8.105(F)|      FAST  |XLXI_7/angle_adjust_A_0_G_BUFG|   0.000|
------------+-----------------+------------+-----------------+------------+------------------------------+--------+

Clock HALL<1> to Pad
------------+-----------------+------------+-----------------+------------+------------------------------+--------+
            |Max (slowest) clk|  Process   |Min (fastest) clk|  Process   |                              | Clock  |
Destination |  (edge) to PAD  |   Corner   |  (edge) to PAD  |   Corner   |Internal Clock(s)             | Phase  |
------------+-----------------+------------+-----------------+------------+------------------------------+--------+
angle_A<10> |         9.528(F)|      SLOW  |         5.312(F)|      FAST  |XLXI_7/angle_adjust_A_0_G_BUFG|   0.000|
angle_A<11> |         9.528(F)|      SLOW  |         5.312(F)|      FAST  |XLXI_7/angle_adjust_A_0_G_BUFG|   0.000|
angle_A<12> |         9.528(F)|      SLOW  |         5.312(F)|      FAST  |XLXI_7/angle_adjust_A_0_G_BUFG|   0.000|
angle_A<13> |        12.438(F)|      SLOW  |         7.085(F)|      FAST  |XLXI_7/angle_adjust_A_0_G_BUFG|   0.000|
angle_A<14> |        13.827(F)|      SLOW  |         6.719(F)|      FAST  |XLXI_7/angle_adjust_A_0_G_BUFG|   0.000|
angle_A<15> |        14.104(F)|      SLOW  |         6.777(F)|      FAST  |XLXI_7/angle_adjust_A_0_G_BUFG|   0.000|
angle_A<16> |        14.417(F)|      SLOW  |         6.962(F)|      FAST  |XLXI_7/angle_adjust_A_0_G_BUFG|   0.000|
angle_A<17> |        15.254(F)|      SLOW  |         7.454(F)|      FAST  |XLXI_7/angle_adjust_A_0_G_BUFG|   0.000|
angle_A<18> |        15.306(F)|      SLOW  |         7.511(F)|      FAST  |XLXI_7/angle_adjust_A_0_G_BUFG|   0.000|
angle_A<19> |        16.030(F)|      SLOW  |         7.969(F)|      FAST  |XLXI_7/angle_adjust_A_0_G_BUFG|   0.000|
------------+-----------------+------------+-----------------+------------+------------------------------+--------+

Clock HALL<2> to Pad
------------+-----------------+------------+-----------------+------------+------------------------------+--------+
            |Max (slowest) clk|  Process   |Min (fastest) clk|  Process   |                              | Clock  |
Destination |  (edge) to PAD  |   Corner   |  (edge) to PAD  |   Corner   |Internal Clock(s)             | Phase  |
------------+-----------------+------------+-----------------+------------+------------------------------+--------+
angle_A<10> |         9.965(F)|      SLOW  |         5.595(F)|      FAST  |XLXI_7/angle_adjust_A_0_G_BUFG|   0.000|
angle_A<11> |         9.965(F)|      SLOW  |         5.595(F)|      FAST  |XLXI_7/angle_adjust_A_0_G_BUFG|   0.000|
angle_A<12> |         9.965(F)|      SLOW  |         5.595(F)|      FAST  |XLXI_7/angle_adjust_A_0_G_BUFG|   0.000|
angle_A<13> |        12.875(F)|      SLOW  |         7.368(F)|      FAST  |XLXI_7/angle_adjust_A_0_G_BUFG|   0.000|
angle_A<14> |        14.264(F)|      SLOW  |         7.002(F)|      FAST  |XLXI_7/angle_adjust_A_0_G_BUFG|   0.000|
angle_A<15> |        14.541(F)|      SLOW  |         7.060(F)|      FAST  |XLXI_7/angle_adjust_A_0_G_BUFG|   0.000|
angle_A<16> |        14.854(F)|      SLOW  |         7.245(F)|      FAST  |XLXI_7/angle_adjust_A_0_G_BUFG|   0.000|
angle_A<17> |        15.691(F)|      SLOW  |         7.737(F)|      FAST  |XLXI_7/angle_adjust_A_0_G_BUFG|   0.000|
angle_A<18> |        15.743(F)|      SLOW  |         7.794(F)|      FAST  |XLXI_7/angle_adjust_A_0_G_BUFG|   0.000|
angle_A<19> |        16.467(F)|      SLOW  |         8.252(F)|      FAST  |XLXI_7/angle_adjust_A_0_G_BUFG|   0.000|
------------+-----------------+------------+-----------------+------------+------------------------------+--------+

Clock Q0 to Pad
------------+-----------------+------------+-----------------+------------+------------------+--------+
            |Max (slowest) clk|  Process   |Min (fastest) clk|  Process   |                  | Clock  |
Destination |  (edge) to PAD  |   Corner   |  (edge) to PAD  |   Corner   |Internal Clock(s) | Phase  |
------------+-----------------+------------+-----------------+------------+------------------+--------+
angle_A<14> |        14.272(R)|      SLOW  |         8.304(R)|      FAST  |Q0_BUFGP          |   0.000|
angle_A<15> |        14.549(R)|      SLOW  |         8.110(R)|      FAST  |Q0_BUFGP          |   0.000|
angle_A<16> |        14.862(R)|      SLOW  |         8.172(R)|      FAST  |Q0_BUFGP          |   0.000|
angle_A<17> |        15.699(R)|      SLOW  |         8.498(R)|      FAST  |Q0_BUFGP          |   0.000|
angle_A<18> |        15.751(R)|      SLOW  |         8.562(R)|      FAST  |Q0_BUFGP          |   0.000|
angle_A<19> |        16.475(R)|      SLOW  |         8.985(R)|      FAST  |Q0_BUFGP          |   0.000|
encode<1>   |        12.409(R)|      SLOW  |         7.123(R)|      FAST  |Q0_BUFGP          |   0.000|
encode<2>   |        10.656(R)|      SLOW  |         6.062(R)|      FAST  |Q0_BUFGP          |   0.000|
encode<3>   |        10.681(R)|      SLOW  |         6.074(R)|      FAST  |Q0_BUFGP          |   0.000|
encode<4>   |        10.584(R)|      SLOW  |         6.015(R)|      FAST  |Q0_BUFGP          |   0.000|
encode<5>   |        10.728(R)|      SLOW  |         6.101(R)|      FAST  |Q0_BUFGP          |   0.000|
encode<6>   |        11.212(R)|      SLOW  |         6.443(R)|      FAST  |Q0_BUFGP          |   0.000|
encode<7>   |        11.160(R)|      SLOW  |         6.411(R)|      FAST  |Q0_BUFGP          |   0.000|
encode<8>   |        11.529(R)|      SLOW  |         6.615(R)|      FAST  |Q0_BUFGP          |   0.000|
encode<9>   |        11.376(R)|      SLOW  |         6.516(R)|      FAST  |Q0_BUFGP          |   0.000|
------------+-----------------+------------+-----------------+------------+------------------+--------+

Clock to Setup on destination clock HALL<0>
---------------+---------+---------+---------+---------+
               | Src:Rise| Src:Fall| Src:Rise| Src:Fall|
Source Clock   |Dest:Rise|Dest:Rise|Dest:Fall|Dest:Fall|
---------------+---------+---------+---------+---------+
HALL<0>        |         |         |    0.670|    0.670|
HALL<1>        |         |         |    0.723|    0.723|
HALL<2>        |         |         |    0.772|    0.772|
Q0             |         |         |    2.927|         |
---------------+---------+---------+---------+---------+

Clock to Setup on destination clock HALL<1>
---------------+---------+---------+---------+---------+
               | Src:Rise| Src:Fall| Src:Rise| Src:Fall|
Source Clock   |Dest:Rise|Dest:Rise|Dest:Fall|Dest:Fall|
---------------+---------+---------+---------+---------+
HALL<0>        |         |         |    0.806|    0.806|
HALL<1>        |         |         |    0.871|    0.871|
HALL<2>        |         |         |    0.920|    0.920|
Q0             |         |         |    2.927|         |
---------------+---------+---------+---------+---------+

Clock to Setup on destination clock HALL<2>
---------------+---------+---------+---------+---------+
               | Src:Rise| Src:Fall| Src:Rise| Src:Fall|
Source Clock   |Dest:Rise|Dest:Rise|Dest:Fall|Dest:Fall|
---------------+---------+---------+---------+---------+
HALL<0>        |         |         |    0.523|    0.523|
HALL<1>        |         |         |    0.529|    0.529|
HALL<2>        |         |         |    0.528|    0.528|
Q0             |         |         |    2.927|         |
---------------+---------+---------+---------+---------+

Clock to Setup on destination clock Q0
---------------+---------+---------+---------+---------+
               | Src:Rise| Src:Fall| Src:Rise| Src:Fall|
Source Clock   |Dest:Rise|Dest:Rise|Dest:Fall|Dest:Fall|
---------------+---------+---------+---------+---------+
Q0             |    3.066|         |         |         |
---------------+---------+---------+---------+---------+

Clock to Setup on destination clock clk
---------------+---------+---------+---------+---------+
               | Src:Rise| Src:Fall| Src:Rise| Src:Fall|
Source Clock   |Dest:Rise|Dest:Rise|Dest:Fall|Dest:Fall|
---------------+---------+---------+---------+---------+
clk            |    0.898|         |         |         |
---------------+---------+---------+---------+---------+


Analysis completed Sat Feb 29 05:17:29 2020 
--------------------------------------------------------------------------------

Trace Settings:
-------------------------
Trace Settings 

Peak Memory Usage: 402 MB



